src/contexts/SyncContext.tsx(74,60): error TS2554: Expected 1 arguments, but got 2.
src/pages/MonitoramentoOS.tsx(10,46): error TS6133: 'Printer' is declared but its value is never read.
src/pages/MonitoramentoOS.tsx(10,109): error TS6133: 'Clock' is declared but its value is never read.
src/pages/MonitoramentoOS.tsx(10,116): error TS6133: 'Star' is declared but its value is never read.
src/pages/MonitoramentoOS.tsx(10,122): error TS6133: 'PlusSquare' is declared but its value is never read.
src/pages/MonitoramentoOS.tsx(10,134): error TS6133: 'MinusSquare' is declared but its value is never read.
src/pages/MonitoramentoOS.tsx(10,147): error TS6133: 'Inbox' is declared but its value is never read.
src/pages/MonitoramentoOS.tsx(11,1): error TS6192: All imports in import declaration are unused.
src/pages/MonitoramentoOS.tsx(13,1): error TS6133: 'ptBR' is declared but its value is never read.
src/pages/MonitoramentoOS.tsx(19,1): error TS6133: 'CustomTooltip' is declared but its value is never read.
