src/pages/Quality.tsx(1,31): error TS6133: 'useRef' is declared but its value is never read.
src/pages/Quality.tsx(2,1): error TS6133: 'createPortal' is declared but its value is never read.
src/pages/Quality.tsx(3,10): error TS6133: 'ShieldCheck' is declared but its value is never read.
src/pages/Quality.tsx(3,64): error TS6133: 'Eye' is declared but its value is never read.
src/pages/Quality.tsx(3,74): error TS6133: 'CloseIcon' is declared but its value is never read.
src/pages/Quality.tsx(25,12): error TS6133: 'previewDoc' is declared but its value is never read.
src/pages/Quality.tsx(25,24): error TS6133: 'setPreviewDoc' is declared but its value is never read.
src/pages/Quality.tsx(49,60): error TS6133: 'e' is declared but its value is never read.
src/pages/Quality.tsx(155,11): error TS6133: 'getLabInfo' is declared but its value is never read.
src/pages/Quality.tsx(200,42): error TS2304: Cannot find name 'ArrowRight'.
