src/components/analysis/ColorTemplatesModal.tsx(6,1): error TS6133: 'Input' is declared but its value is never read.
src/components/analysis/ColorTemplatesModal.tsx(59,79): error TS6133: 'currentMetrics' is declared but its value is never read.
src/components/analysis/ColorTemplatesModal.tsx(108,11): error TS6133: 'updateField' is declared but its value is never read.
src/components/history/AuditTimeline.tsx(1,8): error TS6133: 'React' is declared but its value is never read.
src/components/history/AuditTimeline.tsx(70,35): error TS6133: 'index' is declared but its value is never read.
src/components/monitoramento/ClientsTabSection.tsx(2,32): error TS6133: 'Star' is declared but its value is never read.
src/components/monitoramento/ClientsTabSection.tsx(24,5): error TS6133: 'clienteStats' is declared but its value is never read.
src/components/monitoramento/ClientsTabSection.tsx(31,5): error TS6133: 'rankingType' is declared but its value is never read.
src/components/monitoramento/ClientsTabSection.tsx(32,5): error TS6133: 'setRankingType' is declared but its value is never read.
src/components/realtime/PresenceIndicators.tsx(1,1): error TS6133: 'React' is declared but its value is never read.
src/components/realtime/TypingIndicator.tsx(1,1): error TS6133: 'React' is declared but its value is never read.
src/components/settings/NotificationSettings.tsx(1,8): error TS6133: 'React' is declared but its value is never read.
src/components/settings/NotificationSettings.tsx(20,21): error TS6133: 'error' is declared but its value is never read.
src/components/shared/Layout.tsx(25,32): error TS6133: 'Analista' is declared but its value is never read.
src/lib/producaoParser.ts(120,29): error TS6133: 'foundInRow' is declared but its value is never read.
src/pages/Analysis.tsx(19,1): error TS6133: 'StatisticsPanel' is declared but its value is never read.
src/pages/Analysis.tsx(28,11): error TS6196: 'ColorAverage' is declared but never used.
src/services/HVIFileGeneratorService.ts(251,81): error TS6133: 'tolerancias' is declared but its value is never read.
src/services/HVIFileGeneratorService.ts(399,9): error TS6133: 'tolerancias' is declared but its value is never read.
src/services/statusOS.service.ts(56,15): error TS6133: 'now' is declared but its value is never read.
